CoSO4+6NH3=CoSO4.6NH3
2CoSO4+MnO2+H2O=Co2O3+MnSO4+H2SO4
2CoSO4+Mn2O3=Co2O3+2MnSO4
4CoSO4+4PbO2+6H2O=4Co(OH)3+4PbSO4+O2
2CoSO4+PbO2+H2O=Co2O3+PbSO4+H2SO4
2CoSO4+10NH4OH+I2=Co2(NH3)10.(SO4)2I2.2H2O+8H2O
CoSO4+4KOH=K2CoO2+K2SO4+2H2O
CoSO4+2KOH=Co(OH)2+K2SO4
CoSO4+H2S=CoS+H2SO4
CoSO4+2H3PO4=Co(PO3)2+SO3+3H2O
2Mg+O2=2MgO
3CoSO4+5KI+KIO3+3H2O=3Co(OH)2+3K2SO4+3I2
6Co(OH)2+KIO3+3H2O=6Co(OH)3+KI
CoSO4+4KCN=K2Co(CN)4+K2SO4
CoSO4+Ba(SCN)2+4H2O=BaSO4+Co(SCN)2.4H2O
2CoSO4+NaClO+2H2O=Co2O3+NaCl+2H2SO4
CoSO4+Ba(ClO3)2+6H2O=BaSO4+Co(ClO3)2.6H2O
3CoSO4+2(NH4)3AsO4+8H2O=Co3(AsO4)2.8H2O+3(NH4)2SO4
4CoSO4+4(NH4)2CO3+12NH3+4H2O+O2=2(NH4)2SO4+2((Co(NH3)4CO3)2SO4.3H2O)
2CoSO4+2KMnO4+5H2O2=2(CoMnO3.2H2O)+K2SO4+H2SO4+4O2
2CoSO4+K4Fe(CN)6=Co2(Fe(CN)6)+2K2SO4
Cl2+H2O2=2HCl+O2
CoSO4+Na2Fe(CN)5NO=CoFe(CN)5NO+Na2SO4
2(Co(NO3)2.6H2O)+H2O2+10NaHCO3=2(Na3(Co(CO3)3).3H2O)+4NaNO3+4CO2+12H2O
Co(NO3)2+6NH3+2KI=CoI2.6NH3+2KNO3
4Co(NO3)2+24NH3+4HF=3O2+4Co(NH3)6(NO2)2F+2H2O
Co(NO3)2+2KIO3=Co(IO3)2+2KNO3
Co(NO3)2+5NaNO3+2HC2H3O2=Na3Co(NO3)6+2NaC2H3O2+NO2+H2O
2Co(NO3)2+KHCO3+2H2O=KNO3+CoCO3.Co(OH)2+3HNO3
Co(NO3)2+(NH4)2CO3=CoCO3+2NH4NO3
CoCO3+H2O=Co(OH)2+CO2
Co(NO3)2+2(NH4)2CO3+4H2O=(NH4)2CO3.CoCO3.4H2O+2NH4NO3
2S+C=CS2
Co(NO3)2+K2CrO4=CoCrO4+2KNO3
2Co(NO3)2+H4(Fe(CN)6)+7H2O=Co2(Fe(CN)6).7H2O+4HNO3
Co(NO3)2+C4O6H6+2(NH3.H2O)=CoC4O6H4+2NH4NO3+2H2O
2Li+H2=2LiH
2Li+Cl2=2LiCl
4Li+O2=2Li2O
4Li+O2+2CO2=2Li2CO3
6Li+N2=2Li3N
3Li+P=Li3P
2Li+2Si=Li2Si2
S+2Cu=Cu2S
2Li+2NH3=2LiNH2+H2
2Li+2CO=Li2C2+O2
2Li+2CO2=Li2C2+2O2
2Li+2H2S=2LiHS+H2
2Li+2HCl=2LiCl+H2
2Li+2HCN=2LiCN+H2
2Li+H2SO4=Li2SO4+H2
2Li+2H<e+>=2Li<e+>+H2
LiH+NH3=LiNH2+H2
LiH+H2O=LiOH+H2
P4+20HNO3=4H3PO4+20NO2+4H2O
LiH+HCl=LiCl+H2
2LiH+BeCl2=BeH2+2LiCl
4LiH+AlCl3=Li(AlH4)+3LiCl
2Li2O+Si=4Li+SiO2
3Li2O+2Al=6Li+Al2O3
2Li2O+2CaO+Si=4Li+SiO2.2CaO
3Li2O+CaO+2Al=6Li+CaO.Al2O3
Li2O+H2O=2LiOH
Li2O+2H<e+>=2Li<e+>+H2O
2LiOH=Li2O+H2O
6HNO3+Fe=Fe(NO3)3+3NO2+3H2O
2LiOH+5H2O2+2H2O=2(LiO2.H2O2.3H2O)
2LiOH+2H2O2+H2O=Li2O2.H2O2.3H2O
LiOH+HCN=LiCN+H2O
LiOH+HClO4=LiClO4+H2O
10(KHC2O4.H2C2O4)+8KMnO4+17H2SO4=8MnSO4+9K2SO4+40CO2+32H2O
88H2+15Ca(CN)2+6NaAlF4+10FeSO4+3MgSiO3+6KI+2H3PO4+6PbCrO4+12BrCl+3CF2Cl2+20SO2=6PbBr2+6CrCl3+3MgCO3+6KAl(OH)4+10Fe(SCN)3+2PI3+3Na2SiO3+15CaF2+79H2O
13P4+10P2I4+128H2O=40PH4I+32H3PO4
NH3+2O2=HNO3+H2O
2NH3+3O2=2HNO2+2H2O
4NH3+3O2=2N2+6H2O
4HNO3+Fe=Fe(NO3)3+NO+2H2O
2NH3+2O2=N2O+3H2O
4NH3+5O2=4NO+6H2O
2NH3+2O2=NH4NO3+H2O
16NH3+10S=6(NH4)2S+N4S4
(NH4)2S+2AgI=Ag2S+2NH4I
2NH3+2Na=2NaNH2+H2
NaNH2+H2O=NaOH+NH3
4NH3+6NO=5N2+6H2O
8NH3+6NO2=7N2+12H2O
2NH3+CO2+H2O=(NH4)2CO3
30HNO3+8Fe=8Fe(NO3)3+3N2O+15H2O
(NH4)2CO3+CO2+H2O=2NH4HCO3
2NH3+3Cu2O=2Cu3N+3H2O
NH3+HCl=NH4Cl
NH3+3HClO=NCl3+3H2O
2NCl3=N2+3Cl2
NH3+HClO=NH2Cl+H2O
2NH3+H2SO4=(NH4)2SO4
NH3+HNO2=N2+2H2O
NH3+HNO3=NH4NO3
3NH3+H3PO4=(NH4)3PO4
36HNO3+10Fe=10Fe(NO3)3+3N2+18H2O
4NH3+3(KBr.IBr)=3KBr+3NH4Br+NI3
NH3+NaClO=NaOH+NH2Cl
NH2Cl+NaOH+NH3=N2H4+NaCl+H2O
2NH3+NaClO=N2H4+NaCl+H2O
4NH3+2MnSO4+H2O2+4H2O=2Mn(OH)3+2(NH4)2SO4
2NH3+HgCl2=Hg(NH2)Cl+NH4Cl
4NH3+COCl2=CO(NH2)2+2NH4Cl
4NH3+SOCl2=SO(NH2)2+2NH4Cl
4NH3+SO2Cl2=SO2(NH2)2+2NH4Cl
2NH3+C6H4N4OCl+H2O=C6H8N5O2+NH4Cl
30HNO3+8Fe=8Fe(NO3)3+3NH4NO3+9H2O
2A2BC3.3D2C=2A2BC3+3D2C
3N2H4=4NH3+N2
N2H4+O2=N2+2H2O
2N2H4+2Na=2NaN2H3+H2
N2H4+H2O=N2H5<e+>+OH<e->
N2H4+7H2O2=2HNO3+8H2O
N2H4+2H2O2=N2+4H2O
N2H4+HNO2=HN3+2H2O
N2H4+H<e+>=N2H5<e+>
2HN3=3N2+H2
HN3+HClO=ClN3+H2O
3S+4HNO3=3SO2+4NO+2H2O
4NH2OH=2NH3+N2O+3H2O
2NH2OH=N2+2H<e+>+2<e->+2H2O
2NH2OH+2OH<e->=N2+4H2O+2<e->
NH2OH+HNO2=N2O+2H2O
NH2CN+H2O=CO(NH2)2
NH2CN+NH3=(NH2)2CNH
2NCl3=3Cl2+N2
NCl3+3H2O=3HClO+NH3
N4S4=2N2+4S
NH4Cl=HCl+NH3
11P+15CuSO4+24H2O=5Cu3P+6H3PO4+15H2SO4
NH4Cl+3Cl2=4HCl+NCl3
NH4Cl+Br2=NH4ClBr2
2NH4Cl+8NaHCO3+3Br2=6NaBr+2NaCl+8CO2+N2+8H2O
2NH4Cl+4MO=MCl2+3M+N2+4H2O
2NH4Cl+MO=MCl2+2NH3+H2O
2NH4Cl+2KOH+3CH2O=N2(CH2)3+2KCl+5H2O
2NH4Cl+H2SO4=(NH4)2SO4+2HCl
NH4Cl+HNO3=N2O+HCl+2H2O
NH4Cl+KNO2=NH4NO2+KCl
NH4NO2=N2+2H2O
Al+4HNO3=Al(NO3)3+NO+2H2O
NH4Cl+KNO2=KCl+N2+2H2O
NH4Cl+NH4HSO4=(NH4)2SO4+HCl
2NH4<e+>+2I<e->+2ClO<e->=NHI2+NH3+2Cl<e->+2H2O
NH4Cl+4KOH+2K2(HgI4)=Hg2NH2OI+KCl+7KI+3H2O
2KI+HgCl2=HgI2+2KCl
HgI2+2KI=K2(HgI4)
NH4Cl+NaHC4H4O6=(NH4)HC4H4O6+NaCl
(NH4)2S+2HNO3=2NH4NO3+H2S
(NH4)2S+H2O=NH4HS+NH4OH
3H2S+2HNO3=2NO+3S+4H2O
6H2SO4+2Fe=Fe2(SO4)3+3SO2+6H2O
2NO+O2=2NO2
NH4NO2=N2+2H2O
(NH4)2S+2CH3COOH=2CH3COONH4+H2S
3(NH4)2S+Al2(SO4)3+6H2O=2Al(OH)3+3(NH4)2SO4+3H2S
(NH4)2S2+2CH3COOH=2CH3COONH4+H2S+S
(NH4)2S3+2HCl=2NH4Cl+H2S+2S
NH4HS+2NaOH=Na2S+NH3+2H2O
NH4SCN=H2NCSNH2
NH4HF2+3F2=NF3+5HF
2NH4ClO3=2NH4Cl+3O2
2KClO3=2KCl+3O2
2NH4Cl+3NaBrO=N2+3NaBr+2HCl+3H2O
2NH4ClO4=Cl2+2O2+N2+4H2O
2NH4ClO4+4Zn=4ZnO+N2+Cl2+4H2O
2NH4ClO4+H2SO4=2HClO4+(NH4)2SO4
(NH4)2SO4=H2SO4+2NH3
3(NH4)2SO4=4NH3+3SO2+N2+6H2O
(NH4)2SO4+4O2=2HNO3+H2SO4+2H2O
(NH4)2SO3+H2SO4=(NH4)2SO4+SO2+H2O
NH4NO3=NH3+HNO3
2NH4NO3=2NO+N2+4H2O
2KMnO4=K2MnO4+MnO2+O2
3NH4NO3=N2O3+2N2+6H2O
4NH4NO3=2NO2+3N2+8H2O
5NH4NO3=2HNO3+4N2+9H2O
NH4NO3=N2O+2H2O
2NH4NO3=2N2+O2+4H2O
NH4NO3+2O2=2HNO3+H2O
NH4NO3+H2=N2+3H2O
NH4NO3+H2O=NH3.H2O+HNO3
NH4NO3+NaOH=NaNO3+NH3+H2O
NH4NO3+NaNO2=NH4NO2+NaNO3
4HCl+MnO2=MnCl2+Cl2+2H2O
2NH4NO3+K2Cr2O7=(NH4)2Cr2O7+2KNO3
4NH4NO3+6CH2O=C6H12N4+4HNO3+6H2O
K2CO3+2NH4NO3=2KNO3+(NH4)2CO3
NH4NO2=N2+2H2O
NH4H2PO4+12(NH4)2MoO4+22HNO3=22NH4NO3+(NH4)3(PO4.12MoO3).2H2O+10H2O
2((NH4)3(PO4.12MoO3).2H2O)+46NaOH=(NH4)2MoO4+23Na2MoO4+2(NH4)2HPO4+26H2O
(NH4)2HPO4+12(NH4)2MoO4+23HNO3=(NH4)3(PO4.12MoO3).H2O+23NH4NO3+11H2O
2(NH4)2HPO4+FeCl3=NH4H2PO4.FePO4+3NH4Cl
(NH4)3PO4=3NH3+H3PO4
2(NH4)3PO4+3Ca(OH)2=Ca3(PO4)2+6NH3+6H2O
3Cu+8HNO3=3Cu(NO3)2+2NO+4H2O
(NH4)3PO4+Fe(NO3)2+2H2O=Fe(NH4)PO4.2H2O+2NH4NO3
NH4HCO3=NH3+H2O+CO2
NH4HCO3+NaCl=NaHCO3+NH4Cl
(NH4)2CO3=2NH3+CO2+H2O
(NH4)2CO3+CO2+H2O=2NH4HCO3
(NH4)2CO3+2NaOH=Na2CO3+2NH3+2H2O
(NH4)2CO3+K2CO3=2KOH+2NH3+2CO2
NH4CNO=CO(NH2)2
CO(NH2)2=HNCO+NH3
2CO(NH2)2=NH2CONHCONH2+NH3
CuSO4.5H2O=CuSO4+5H2O
CO(NH2)2+2H2O=(NH4)2CO3
4HNO2+CO2+8N2=CO(NH2)2+9N2O
CO(NH2)2+HNO3=CO(NH2)2.HNO3
CO(NH2)2+2NaNO2+H2SO4=Na2SO4+CO2+2N2+3H2O
2N2O=2N2+O2
2NO+H2=H2O2+N2
NO+5(H)=NH3+H2O
4NO+F2=2NO2F+N2
2NO+Cl2=2NOCl
2NO+O2=2NO2
Na2CO3.2H2O+8H2O=Na2CO3.10H2O
F2+Cl2=2ClF
6NO+4P=P4O6+3N2
NO+NO2=N2O3
2NO+2CO=N2+2CO2
6NO+4KOH=4KNO2+N2+2H2O
4NO+2HNO3=3N2O3+H2O
2NO+HNO3+H2O=3HNO2
2HNO2=N2O3+H2O
2NO+HNO3+3H2SO4=3HSNO5+2H2O
5NO+3MnO4<e->+4H<e+>=3Mn<2e+>+5NO3<e->+2H2O
N2O3=NO2+NO
2Na2CO3.2H2O+4H2O=2(Na2CO3.3H2O)
N2O3+2Hg+H2SO4=Hg2SO4+2NO+H2O
N2O3+H2O=2HNO2
N2O3+2NaOH=2NaNO2+H2O
N2O3+2H2SO4=2NOHSO4+H2O
5N2O3+4KMnO4+6H2SO4=2K2SO4+4MnSO4+10HNO3+H2O
N2O3+2C6H4SO2OHNH2+2CH3COOH=2C6H4SO2OHN2(CH3COO)+3H2O
2NO2+H2O=HNO3+HNO2
2HNO2+O2=2HNO3
3NO2+H2O=2HNO3+NO
NO2+NO+H2O=2HNO2
15Pb(N3)2+44Cr(MnO4)2=22Cr2O3+88MnO2+5Pb3O4+90NO
NO2+NO+2KOH=2KNO2+H2O
NO2+NO+2H2SO4=2H(NO)SO4+H2O
2H(NO)SO4+SO2+2H2O=3H2SO4+2NO
NO2+NO+Na2CO3=2NaNO2+CO2
NO2+NO+2Na2CO3+H2O=2NaHCO3+2NaNO2
NO2+CO=NO+CO2
2NO2+2NaOH=NaNO3+NaNO2+H2O
2NO2+2KOH=KNO3+KNO2+H2O
4NO2+H2S=4NO+SO3+H2O
2NO2+H2SO4=NOHSO4+HNO3
4NaCl+MnO2+4H2SO4=4NaHSO4+MnCl2+2H2O+Cl2
2NO2+Na2CO3=NaNO3+NaNO2+CO2
10NO2+2KMnO4+3H2SO4+2H2O=2MnSO4+K2SO4+10HNO3
2N2O5=2N2O4+O2
N2O5=N2O3+O2
2N2O5=4NO2+O2
N2O5+NO=3NO2
N2O5+H2O=2HNO3
N2O5+2H2O2=2HNO4+H2O
N2O4=2NO2
2N2O4+2H2O+O2=4HNO3
5SO2+2KMnO4+2H2O=2MnSO4+K2SO4+2H2SO4
N2O+Cu=CuO+N2
2NO+2Cu=2CuO+N2
N2O3+3Cu=3CuO+N2
2NO2+4Cu=4CuO+N2
N2O5+5Cu=5CuO+N2
3HNO2=HNO3+2NO+H2O
2HNO2=N2O3+H2O
2HNO2=NO2+NO+H2O
HNO2+Br2+H2O=HNO3+2HBr
2HNO2+O2=2HNO3
2Cu+O2+CO2+H2O=Cu2(OH)2CO3
HNO2+NO2=HNO3+NO
2HNO2+2HI=2NO+I2+2H2O
HNO2+H2SO4=NOHSO4+H2O
NOHSO4+H2O=H2SO4+HNO2
HNO2+HNO3=2NO2+H2O
HNO2+CS(NH2)2=HSCN+N2+2H2O
HNO2+CS(NH2)2=NHCNSH2+NO+H2O
HNO2+C6H4NH2SO3H.HC2H3O2=C6H4N2SO3H.C2H3O2+2H2O
2NO2<e->+S<2e->+4H<e+>=2NO+2H2O+S
NO2<e->+2Al+OH<e->+5H2O=2Al(OH)4<e->+NH3
3BaSO3+2HNO3=3BaSO4+2NO+H2O
SO3<2e->+2NO2<e->+2H<e+>=SO4<2e->+2NO+H2O
2MnO4<e->+5NO2<e->+6H<e+>=2Mn<2e+>+5NO3<e->+3H2O
ClO3<e->+3NO2<e->=Cl<e->+3NO3<e->
4KNO2=2K2O+4NO+O2
NH4NO2=2H2O+N2
2HNO2+H2SO4+2Hg=Hg2SO4+2NO+2H2O
K4Fe(CN)6+HNO2+CH3COOH=K3Fe(CN)6+CH3COOK+NO+H2O
FeCl3+3KNO2+H2O=FeO(OH)+3KCl+HNO3+2NO
3((N2H4)2.H2SO4)+8KNO2=10N2+3K2SO4+2KOH+14H2O
N2H4.H2SO4+AgNO2=AgN3+H2SO4+2H2O
5C2H2+6KMnO4+9H2SO4=3K2SO4+6MnSO4+10HCOOH+4H2O
4HNO3=4NO2+O2+2H2O
HNO3+8(H)=NH3+3H2O
HNO3+F2=FNO3+HF
2HNO3+3H2O2=2NO4+4H2O
HNO3+H2O2=HNO4+H2O
2HNO3+HOC6H4SO3H=HOC6H2(NO2)2SO3H+2H2O
HOC6H2(NO2)2SO3H+NH4OH=HOC6H2(NO2)2SO3NH4+H2O
HNO3+C20H16N4=C20H16N4.HNO3
H2N2O2=N2O+H2O
H2N2O2+2NH2OH=2N2+4H2O
K2Cr2O7+6Fe3O4+31H2SO4=K2SO4+9Fe2(SO4)3+Cr2(SO4)3+31H2O
2Ag2O+2H2NOH=H2N2O2+4Ag+2H2O
Ag2N2O2+2HCl=2AgCl+H2N2O2
PO4<3e->+12MoO4<2e->+3NH4<e+>+24H<e+>=(NH4)3(P(Mo12O40)).6H2O+6H2O
HCN+H2O=CO+NH3
5Cl2+2MnCl2+2KCl+8H2O=2KMnO4+16HCl
2PI3+3Na2SiO3+6CrCl3+3MgCO3+6KAl(OH)4+10Fe(SCN)3+6PbBr2+15CaF2+79H2O=88H2+15Ca(CN)2+10FeSO4+3MgSiO3+6KI+2H3PO4+6PbCrO4+12BrCl+6NaAlF4+3CF2Cl2+20SO2
Cu<2e+>+2<e->=Cu
NO+NO2=N2O3
NH4Cl+2K2(HgI4)+4KOH=KCl+7KI+3H2O+Hg2NH2OI
2NH4NO3+K2Cr2O7=(NH4)2Cr2O7+2KNO3
4Zn+10HNO3=4Zn(NO3)2+N2O+5H2O
26H2O+(NH4)2MoO4+23Na2MoO4+2(NH4)2HPO4=2((NH4)3(PO4.12MoO3).2H2O)+46NaOH
{2*Xa+Xb}KO2={2*Xa-3*Xb}K+{2*Xa}O2+{2*Xb}K2O
{-2*Xa+3*Xb}H2S+{2*Xa+Xb}H2SO4={-4*Xa+4*Xb}S+{4*Xa}SO2+{4*Xb}H2O
{-2*Xa+4*Xb}KMnO4+{5*Xa-6*Xb}H2O2+{-3*Xa+6*Xb}H2SO4={-Xa+2*Xb}K2SO4+{-2*Xa+4*Xb}MnSO4+{2*Xa}H2O+{2*Xb}O2
{3*Xa}PbS+{4*Xa+2*Xb}O3={3*Xa}PbSO4+{3*Xb}O2
{Xa}Ba<2e+>+{Xa}SO4<2e->+{Xb}H<e+>+{Xb}OH<e->={Xa}BaSO4+{Xb}H2O
{-2*Xa+7*Xb}HClO3={-2*Xa+5*Xb}HClO4+{Xb}Cl2+{Xa}O2+{Xb}H2O
2NH3+2CH4+3O2=2HCN+6H2O
3F2+Cl2=2ClF3
{-Xa+4*Xb}NH4<e+>+{3*Xa+8*Xb}NO2<e->+{4*Xa+4*Xb}H<e+>={-4*Xa+6*Xb}N2O+{10*Xa}NO+{10*Xb}H2O
{2*Xa+5*Xb}KClO3+{12*Xa+6*Xb}HCl={2*Xa+5*Xb}KCl+{6*Xa+3*Xb}H2O+{6*Xa}Cl2+{6*Xb}ClO2
10P2I4+13P4+128H2O=40PH4I+32H3PO4
{Xa+Xb}Cu+{4*Xb}HNO3={Xa+Xb}Cu(NO3)2+{-4*Xa+2*Xb}NO2+{2*Xa}NO+{2*Xb}H2O
{6*Xa}(NH4Al(SO4)2.12H2O)={-75*Xa+3*Xb}SO2+{56*Xa-2*Xb}NH3+{-25*Xa+Xb}N2+{87*Xa-3*Xb}SO3+{3*Xa}Al2O3+{3*Xb}H2O
{3*Xa}KI+{3*Xa+2*Xb}O3={3*Xa}KIO3+{3*Xb}O2
{Xa+Xb}Fe+{6*Xb}HNO3={-2*Xa+Xb}Fe(NO3)3+{3*Xa}Fe(NO3)2+{3*Xb}NO2+{3*Xb}H2O
{4*Xa+4*Xb}Na+{Xa+2*Xb}O2={2*Xa}Na2O+{2*Xb}Na2O2
{2*Xa-Xb}XeO3+{3*Xb}H2O2={2*Xa-Xb}Xe+{3*Xa}O2+{3*Xb}H2O
{3*Xa}XeO3+{Xa+2*Xb}O3+{12*Xa}NaOH={3*Xa}(Na4XeO6.2H2O)+{3*Xb}O2
2K2Cr2O7+3CH3CH2OH+8H2SO4=2Cr2(SO4)3+3CH3COOH+2K2SO4+11H2O
{4*Xa+4*Xb}HXeO4<e->+{-4*Xa+8*Xb}OH<e->={3*Xb}XeO6<4e->+{4*Xa+Xb}Xe+{6*Xa}O2+{6*Xb}H2O
{3*Xb}XeF4+{6*Xb}H2O={-8*Xa+2*Xb}XeO3+{8*Xa+Xb}Xe+{12*Xa}O2+{12*Xb}HF
Co(SCN)2+2KSCN=K2(Co(SCN)4)
{2*Xa}CoSO4+{Xb}BaCO3+{12*Xa}HCN={Xa}Ba3(Co(CN)6)2+{-3*Xa+Xb}BaSO4+{5*Xa-Xb}H2SO4+{Xb}CO2+{Xa}H2+{Xb}H2O
{-Xa+2*Xb}Co(NO3)2+{-4*Xa+11*Xb}KNO2+{2*Xb}CH3COOH={2*Xb}CH3COOK+{-Xa+2*Xb}K3(Co(NO2)6)+{-Xa+3*Xb}KNO3+{Xa}NO+{Xb}H2O
{4*Xa}Co(NO3)2+{6*Xa-4*Xb}NH4NO3+{16*Xa+8*Xb}NH3+{-3*Xa+8*Xb}O2={4*Xa}Co(NH3)6(NO3)3+{4*Xb}H2O
{4*Xa}Co(NO3)2+{4*Xa}(NH4)2CO2+{8*Xa+8*Xb}NH3+{-Xa+8*Xb}O2={2*Xa+4*Xb}NH4NO3+{4*Xa}Co(NH3)4CO3NO3+{4*Xb}H2O
{Xa}Co(NO3)2+{2*Xb}C4O6H6+{2*Xa+2*Xb}(NH3.H2O)={2*Xb}NH4C4O6H5+{Xa}Co(OH)2+{2*Xa}NH4NO3+{2*Xb}H2O
{2*Xa-2*Xb}CuS+{8*Xa-7*Xb}CN<e->+{2*Xb}OH<e->={2*Xa-2*Xb}Cu(CN)4<3e->+{Xb}NCO<e->+{Xa-2*Xb}S+{Xa}S<2e->+{Xb}H2O
{5*Xa-3*Xb}N2H4+{Xa+Xb}HNO2={7*Xa-5*Xb}NH3+{2*Xa}N2O+{2*Xb}H2O
3S+6KOH=2K2S+K2SO3+3H2O
{Xa+2*Xb}HN3+{-Xa+4*Xb}HNO2={-2*Xa+5*Xb}N2O+{3*Xa}N2+{3*Xb}H2O
{12*Xa+8*Xb}HN3+{7*Xa+Xb}F2={3*Xa+2*Xb}NH4F+{11*Xa}FN3+{11*Xb}N2
{Xa+2*Xb}HN3+{-Xa+4*Xb}HNO2={-2*Xa+5*Xb}N2O+{3*Xa}N2+{3*Xb}H2O
{-5*Xa+4*Xb}NO2+{7*Xa-2*Xb}NO+{-2*Xa+4*Xb}NH3+{3*Xa}H2O={3*Xb}NH4NO2
{Xa}CH3COONH4+{Xb}H2O={Xa}CH3COOH+{Xa}NH3+{Xb}H2O
{-4*Xa-4*Xb+4*Xc}NH4ClO4+{12*Xa+4*Xb-4*Xc}HNO3+{8*Xa+11*Xb-4*Xc}HCl={4*Xa-Xb}HClO4+{4*Xa}N2O+{4*Xb}Cl2+{4*Xc}H2O
{Xa}(NH4)2SO8+{Xb}H2SO4+{-Xa}H2O={Xa}(NH4)HSO4+{Xa}HNO3+{Xb}H2SO4
{Xb}(NH4)2CO3+{-Xa+Xb+Xc}H2O={-Xa+2*Xb}NH4OH+{Xa}NH3+{Xb}CO2+{Xc}H2O
{3*Xa}NO+{Xa+2*Xb}O3={3*Xa}NO2+{3*Xb}O2
{6*Xa}NO2+{Xa+2*Xb}O3={3*Xa}N2O5+{3*Xb}O2
AsCl3+3H2O=H3AsO3+3HCl
{3*Xa}N2O4+{2*Xa+4*Xb}O3={6*Xa}NO3+{6*Xb}O2
{-2*Xa+4*Xb}NO3+{-Xa+2*Xb}H2O={-3*Xa+4*Xb}HNO3+{Xa}HNO2+{Xb}O2
{Xa}C6H12O6+{6*Xa}O2+{-6*Xa+6*Xb}H2O={6*Xa}CO2+{6*Xb}H2O
{-8*Xa+5*Xb}AsCl3+{-2*Xa+2*Xb}KMnO4+{6*Xb}HCl={-2*Xa+2*Xb}MnCl2+{-2*Xa+2*Xb}KCl+{-8*Xa+5*Xb}AsOCl3+{3*Xa}Cl2+{3*Xb}H2O
{Xa+Xb}XeF4+{2*Xa+2*Xb}C2H4={Xa+Xb}Xe+{2*Xa}(CH2F)2+{2*Xb}CH3CHF2
2KCNO+4NaOH+3Cl2=2CO2+N2+2KCl+4NaCl+2H2O
Fe3C+22HNO3=3Fe(NO3)3+CO2+13NO2+11H2O
2Ag3AsO4+11Zn+11H2SO4=6Ag+2AsH3+11ZnSO4+8H2O
3Pt+4HNO3+18HCl=3H2PtCl6+4NO+8H2O
2NaCr(OH)4+3NaClO+2NaOH=2Na2CrO4+3NaCl+5H2O
3S8+6Ca(OH)2=4CaS5+2CaS2O3+6H2O
Na2S2+7NaClO+2NaOH=2Na2SO4+7NaCl+H2O
7F2+I2=2IF7
Na2S3+10NaClO+4NaOH=3Na2SO4+10NaCl+2H2O
Na2S4+13NaClO+6NaOH=4Na2SO4+13NaCl+3H2O
Na2S5+16NaClO+8NaOH=5Na2SO4+16NaCl+4H2O
Na2S6+19NaClO+10NaOH=6Na2SO4+19NaCl+5H2O
Cl2+2<e->=2Cl<e->
KMnO4+5Fe<2e+>+8H<e+>=Mn<2e+>+K<e+>+5Fe<3e+>+4H2O
2KMnO4+5KNO2+3H2SO4=2MnSO4+K2SO4+5KNO3+3H2O
2NH3+2CH4+3O2+2NaOH=2NaCN+8H2O
CH2OH(CHOH)4CHO+2Ag(NH3)2OH=2Ag+3NH3+CH2OH(CHOH)4COONH4+H2O
Al2(SO4)3+6(NH3.H2O)=2Al(OH)3+3(NH4)2SO4
3Cl2+2P=2PCl3
NO2+NO+2NaOH=2NaNO2+H2O
Kr+F2=KrF2
KrF2=Kr+F2
Xe+PtF6=Xe<e+>+PtF6<e->
XeO3+6H<e+>+6Cl<e->=Xe+3H2O+3Cl2
XeO3+6H<e+>+9I<e->=Xe+3H2O+3I3<e->
XeO3+2NH3=Xe+N2+3H2O
XeO3+3H2O+6Fe<2e+>=Xe+6Fe<3e+>+6OH<e->
XeO3+3H2O+3Mn<2e+>=Xe+3MnO2+6H<e+>
XeO3+OH<e->=HXeO4<e->
C2H5OH+3O2=2CO2+3H2O
XeOF4+H2O=XeO2F2+2HF
XeO2F2+H2O=XeO3+2HF
XeOF4+3H2=Xe+H2O+4HF
XeO4=Xe+2O2
Na4XeO6+H2O=4Na<e+>+OH<e->+HXeO6<3e->
5HXeO6<3e->+2Mn<2e+>+9H<e+>=2MnO4<e->+5XeO3+7H2O
5Na4XeO6+2Mn(OH)2+7H2O=5NaHXeO4+2NaMnO4+13NaOH
2XePtF6+6H2O=2Xe+2PtO2+12HF+O2
XeF2+SbF5=XeF<e+>+SbF6<e->
2XeF2+2H2O=2Xe+O2+4HF
2HgO=2Hg+O2
2XeF2+4OH<e->=2Xe+O2+4F<e->+2H2O
XeF2+H2O+NaBrO3=NaBrO4+2HF+Xe
2XeF2+AsF5=Xe2F3<e+>+AsF6<e->
XeF2+H2O2=Xe+O2+2HF
2Cr<3e+>+8H2O+3XeF2=3Xe+2CrO4<2e->+10H<e+>+6HF
XeF4+2Hg=Xe+2HgF2
XeF4+Pt=Xe+PtF4
XeF4+2CF3CFCF2=2CF3CF2CF3+Xe
XeF6+3H2O=XeO3+6HF
XeF6+H2O=XeOF4+2HF
2H2O2=2H2O+O2
2XeF6+3SiO2=2XeO3+3SiF4
XeF6+CsF=Cs(XeF7)
XeF6+2CsF=Cs2(XeF8)
XeF6+PtF5=XeF5<e+>+PtF6<e->
2Co(CN)2+8KCN+2H2O=2K3(Co(CN)6)+2KOH+H2
Co(CN)2+4CN<e->=Co(CN)6<4e->
Co(SCN)2+2KNH2=Co(NH2)2+2KSCN
Co(SCN)2+AgSCN+2H2O=CoAg(SCN)3.2H2O
Co(IO3)2+6NH3=Co(IO3)2.6NH3
Co(IO3)2.6NH3+NO=Co(IO3)2.NO.5NH3+NH3
6CO2+6H2O=6O2+C6H12O6
[Ph]OH+7O2=6CO2+3H2O

